// Jest Snapshot v1, https://goo.gl/fbAQLP

exports[`CONTAINER: src/containers/History.js should match snapshot 1`] = `ShallowWrapper {}`;
